[0m16:42:53.104104 [debug] [MainThread]: Sending event: {'category': 'dbt', 'action': 'invocation', 'label': 'start', 'context': [<snowplow_tracker.self_describing_json.SelfDescribingJson object at 0x10a890590>, <snowplow_tracker.self_describing_json.SelfDescribingJson object at 0x10b70bb10>, <snowplow_tracker.self_describing_json.SelfDescribingJson object at 0x10b70bd90>]}


============================== 16:42:53.106544 | 363c9058-cfc1-4d12-b05a-0a3869a363fc ==============================
[0m16:42:53.106544 [info ] [MainThread]: Running with dbt=1.11.7
[0m16:42:53.106822 [debug] [MainThread]: running dbt with arguments {'write_json': 'True', 'indirect_selection': 'eager', 'use_experimental_parser': 'False', 'log_format': 'default', 'no_print': 'None', 'static_parser': 'True', 'warn_error_options': 'WarnErrorOptionsV2(error=[], warn=[], silence=[])', 'fail_fast': 'False', 'printer_width': '80', 'warn_error': 'None', 'empty': 'None', 'log_cache_events': 'False', 'introspect': 'True', 'debug': 'False', 'send_anonymous_usage_stats': 'True', 'log_path': 'logs', 'quiet': 'False', 'version_check': 'True', 'use_colors': 'True', 'profiles_dir': '/Users/riccardo/.dbt', 'partial_parse': 'True', 'invocation_command': 'dbt init observatoire --skip-profile-setup', 'target_path': 'None', 'cache_selected_only': 'False'}
[0m16:42:53.115951 [info ] [MainThread]: Creating dbt configuration folder at /Users/riccardo/.dbt
[0m16:42:53.117094 [debug] [MainThread]: Starter project path: /Library/Frameworks/Python.framework/Versions/3.13/lib/python3.13/site-packages/dbt/include/starter_project
[0m16:42:53.120471 [info ] [MainThread]: 
Your new dbt project "observatoire" was created!

For more information on how to configure the profiles.yml file,
please consult the dbt documentation here:

  https://docs.getdbt.com/docs/configure-your-profile

One more thing:

Need help? Don't hesitate to reach out to us via GitHub issues or on Slack:

  https://community.getdbt.com/

Happy modeling!

[0m16:42:53.148332 [debug] [MainThread]: Resource report: {"command_name": "init", "command_success": true, "command_wall_clock_time": 0.07680075, "process_in_blocks": "0", "process_kernel_time": 0.088747, "process_mem_max_rss": "118947840", "process_out_blocks": "0", "process_user_time": 0.552054}
[0m16:42:53.148627 [debug] [MainThread]: Command `dbt init` succeeded at 16:42:53.148579 after 0.08 seconds
[0m16:42:53.148791 [debug] [MainThread]: Sending event: {'category': 'dbt', 'action': 'invocation', 'label': 'end', 'context': [<snowplow_tracker.self_describing_json.SelfDescribingJson object at 0x10b790640>, <snowplow_tracker.self_describing_json.SelfDescribingJson object at 0x10b7e7410>, <snowplow_tracker.self_describing_json.SelfDescribingJson object at 0x10b5b9f20>]}
[0m16:42:53.148946 [debug] [MainThread]: Flushing usage events
[0m16:42:53.559238 [debug] [MainThread]: An error was encountered while trying to flush usage events
[0m16:58:51.529353 [debug] [MainThread]: Sending event: {'category': 'dbt', 'action': 'invocation', 'label': 'start', 'context': [<snowplow_tracker.self_describing_json.SelfDescribingJson object at 0x10b368590>, <snowplow_tracker.self_describing_json.SelfDescribingJson object at 0x10c1e7b10>, <snowplow_tracker.self_describing_json.SelfDescribingJson object at 0x10c1e7d90>]}


============================== 16:58:51.532086 | 5531a85c-902e-4d35-8ad0-3ed6cb613319 ==============================
[0m16:58:51.532086 [info ] [MainThread]: Running with dbt=1.11.7
[0m16:58:51.532366 [debug] [MainThread]: running dbt with arguments {'printer_width': '80', 'no_print': 'None', 'log_format': 'default', 'send_anonymous_usage_stats': 'True', 'invocation_command': 'dbt debug', 'introspect': 'True', 'fail_fast': 'False', 'use_colors': 'True', 'static_parser': 'True', 'warn_error_options': 'WarnErrorOptionsV2(error=[], warn=[], silence=[])', 'cache_selected_only': 'False', 'warn_error': 'None', 'indirect_selection': 'eager', 'partial_parse': 'True', 'quiet': 'False', 'use_experimental_parser': 'False', 'version_check': 'True', 'log_path': 'logs', 'empty': 'None', 'debug': 'False', 'target_path': 'None', 'write_json': 'True', 'profiles_dir': '/Users/riccardo/.dbt', 'log_cache_events': 'False'}
[0m16:58:51.540518 [info ] [MainThread]: dbt version: 1.11.7
[0m16:58:51.540885 [info ] [MainThread]: python version: 3.13.0
[0m16:58:51.541056 [info ] [MainThread]: python path: /usr/local/bin/python3
[0m16:58:51.541197 [info ] [MainThread]: os info: macOS-26.5.1-arm64-arm-64bit-Mach-O
[0m16:58:51.541323 [info ] [MainThread]: Using profiles dir at /Users/riccardo/.dbt
[0m16:58:51.541432 [info ] [MainThread]: Using profiles.yml file at /Users/riccardo/.dbt/profiles.yml
[0m16:58:51.541536 [info ] [MainThread]: Using dbt_project.yml file at /Users/riccardo/Library/CloudStorage/GoogleDrive-santini.ricc@gmail.com/Mon Drive/1_PROJECTS/Marché_Data/dbt_project.yml
[0m16:58:51.541656 [info ] [MainThread]: Configuration:
[0m16:58:51.541754 [info ] [MainThread]:   profiles.yml file [[31mERROR not found[0m]
[0m16:58:51.541854 [info ] [MainThread]:   dbt_project.yml file [[31mERROR not found[0m]
[0m16:58:51.541948 [info ] [MainThread]: Required dependencies:
[0m16:58:51.542104 [debug] [MainThread]: Executing "git --help"
[0m16:58:51.552702 [debug] [MainThread]: STDOUT: "b"usage: git [-v | --version] [-h | --help] [-C <path>] [-c <name>=<value>]\n           [--exec-path[=<path>]] [--html-path] [--man-path] [--info-path]\n           [-p | --paginate | -P | --no-pager] [--no-replace-objects] [--no-lazy-fetch]\n           [--no-optional-locks] [--no-advice] [--bare] [--git-dir=<path>]\n           [--work-tree=<path>] [--namespace=<name>] [--config-env=<name>=<envvar>]\n           <command> [<args>]\n\nThese are common Git commands used in various situations:\n\nstart a working area (see also: git help tutorial)\n   clone      Clone a repository into a new directory\n   init       Create an empty Git repository or reinitialize an existing one\n\nwork on the current change (see also: git help everyday)\n   add        Add file contents to the index\n   mv         Move or rename a file, a directory, or a symlink\n   restore    Restore working tree files\n   rm         Remove files from the working tree and from the index\n\nexamine the history and state (see also: git help revisions)\n   bisect     Use binary search to find the commit that introduced a bug\n   diff       Show changes between commits, commit and working tree, etc\n   grep       Print lines matching a pattern\n   log        Show commit logs\n   show       Show various types of objects\n   status     Show the working tree status\n\ngrow, mark and tweak your common history\n   backfill   Download missing objects in a partial clone\n   branch     List, create, or delete branches\n   commit     Record changes to the repository\n   merge      Join two or more development histories together\n   rebase     Reapply commits on top of another base tip\n   reset      Reset current HEAD to the specified state\n   switch     Switch branches\n   tag        Create, list, delete or verify a tag object signed with GPG\n\ncollaborate (see also: git help workflows)\n   fetch      Download objects and refs from another repository\n   pull       Fetch from and integrate with another repository or a local branch\n   push       Update remote refs along with associated objects\n\n'git help -a' and 'git help -g' list available subcommands and some\nconcept guides. See 'git help <command>' or 'git help <concept>'\nto read about a specific subcommand or concept.\nSee 'git help git' for an overview of the system.\n""
[0m16:58:51.553179 [debug] [MainThread]: STDERR: "b''"
[0m16:58:51.553321 [info ] [MainThread]:  - git [[32mOK found[0m]

[0m16:58:51.553456 [info ] [MainThread]: Connection test skipped since no profile was found
[0m16:58:51.553642 [info ] [MainThread]: [31m2 checks failed:[0m
[0m16:58:51.553755 [info ] [MainThread]: dbt looked for a profiles.yml file in /Users/riccardo/.dbt/profiles.yml, but did
not find one. For more information on configuring your profile, consult the
documentation:

https://docs.getdbt.com/docs/configure-your-profile


[0m16:58:51.553939 [info ] [MainThread]: Project loading failed for the following reason:
 project path </Users/riccardo/Library/CloudStorage/GoogleDrive-santini.ricc@gmail.com/Mon Drive/1_PROJECTS/Marché_Data/dbt_project.yml> not found

[0m16:58:51.556574 [debug] [MainThread]: Resource report: {"command_name": "debug", "command_success": false, "command_wall_clock_time": 0.05759421, "process_in_blocks": "0", "process_kernel_time": 0.118777, "process_mem_max_rss": "119144448", "process_out_blocks": "0", "process_user_time": 0.566125}
[0m16:58:51.556844 [debug] [MainThread]: Command `dbt debug` failed at 16:58:51.556797 after 0.06 seconds
[0m16:58:51.557067 [debug] [MainThread]: Sending event: {'category': 'dbt', 'action': 'invocation', 'label': 'end', 'context': [<snowplow_tracker.self_describing_json.SelfDescribingJson object at 0x10c2656e0>, <snowplow_tracker.self_describing_json.SelfDescribingJson object at 0x10c0f72f0>, <snowplow_tracker.self_describing_json.SelfDescribingJson object at 0x10c092cf0>]}
[0m16:58:51.557238 [debug] [MainThread]: Flushing usage events
[0m16:58:51.946439 [debug] [MainThread]: An error was encountered while trying to flush usage events
[0m17:47:40.270125 [debug] [MainThread]: Sending event: {'category': 'dbt', 'action': 'invocation', 'label': 'start', 'context': [<snowplow_tracker.self_describing_json.SelfDescribingJson object at 0x109160590>, <snowplow_tracker.self_describing_json.SelfDescribingJson object at 0x109fdbb10>, <snowplow_tracker.self_describing_json.SelfDescribingJson object at 0x109fdbd90>]}


============================== 17:47:40.275843 | cc4ced69-cf51-44e9-940f-cf4cc8a437b6 ==============================
[0m17:47:40.275843 [info ] [MainThread]: Running with dbt=1.11.7
[0m17:47:40.276183 [debug] [MainThread]: running dbt with arguments {'static_parser': 'True', 'introspect': 'True', 'write_json': 'True', 'log_path': 'logs', 'target_path': 'None', 'log_cache_events': 'False', 'partial_parse': 'True', 'debug': 'False', 'cache_selected_only': 'False', 'profiles_dir': '/Users/riccardo/.dbt', 'version_check': 'True', 'printer_width': '80', 'log_format': 'default', 'send_anonymous_usage_stats': 'True', 'empty': 'False', 'no_print': 'None', 'use_colors': 'True', 'fail_fast': 'False', 'warn_error_options': 'WarnErrorOptionsV2(error=[], warn=[], silence=[])', 'warn_error': 'None', 'invocation_command': 'dbt run --select stg_ft_offres', 'use_experimental_parser': 'False', 'quiet': 'False', 'indirect_selection': 'eager'}
[0m17:47:40.276517 [error] [MainThread]: Encountered an error:
Runtime Error
  No dbt_project.yml found at expected path /Users/riccardo/Library/CloudStorage/GoogleDrive-santini.ricc@gmail.com/Mon Drive/1_PROJECTS/Marché_Data/dbt_project.yml
  Verify that each entry within packages.yml (and their transitive dependencies) contains a file named dbt_project.yml
  
[0m17:47:40.279906 [debug] [MainThread]: Resource report: {"command_name": "run", "command_success": false, "command_wall_clock_time": 0.06783125, "process_in_blocks": "0", "process_kernel_time": 0.197852, "process_mem_max_rss": "111689728", "process_out_blocks": "0", "process_user_time": 0.68969}
[0m17:47:40.281034 [debug] [MainThread]: Command `dbt run` failed at 17:47:40.280149 after 0.07 seconds
[0m17:47:40.281284 [debug] [MainThread]: Sending event: {'category': 'dbt', 'action': 'invocation', 'label': 'end', 'context': [<snowplow_tracker.self_describing_json.SelfDescribingJson object at 0x10a068640>, <snowplow_tracker.self_describing_json.SelfDescribingJson object at 0x109eef410>, <snowplow_tracker.self_describing_json.SelfDescribingJson object at 0x109e8a030>]}
[0m17:47:40.281797 [debug] [MainThread]: Flushing usage events
[0m17:47:40.694452 [debug] [MainThread]: An error was encountered while trying to flush usage events
[0m17:47:41.860737 [debug] [MainThread]: Sending event: {'category': 'dbt', 'action': 'invocation', 'label': 'start', 'context': [<snowplow_tracker.self_describing_json.SelfDescribingJson object at 0x108738590>, <snowplow_tracker.self_describing_json.SelfDescribingJson object at 0x1095b3b10>, <snowplow_tracker.self_describing_json.SelfDescribingJson object at 0x1095b3d90>]}


============================== 17:47:41.862950 | 08036bc4-239a-497b-806b-370fc19e0992 ==============================
[0m17:47:41.862950 [info ] [MainThread]: Running with dbt=1.11.7
[0m17:47:41.863239 [debug] [MainThread]: running dbt with arguments {'introspect': 'True', 'fail_fast': 'False', 'partial_parse': 'True', 'write_json': 'True', 'static_parser': 'True', 'profiles_dir': '/Users/riccardo/.dbt', 'no_print': 'None', 'empty': 'None', 'warn_error': 'None', 'printer_width': '80', 'log_format': 'default', 'version_check': 'True', 'invocation_command': 'dbt show --select stg_ft_offres --limit 5', 'use_colors': 'True', 'cache_selected_only': 'False', 'send_anonymous_usage_stats': 'True', 'log_path': 'logs', 'quiet': 'False', 'log_cache_events': 'False', 'indirect_selection': 'eager', 'debug': 'False', 'use_experimental_parser': 'False', 'target_path': 'None', 'warn_error_options': 'WarnErrorOptionsV2(error=[], warn=[], silence=[])'}
[0m17:47:41.863526 [error] [MainThread]: Encountered an error:
Runtime Error
  No dbt_project.yml found at expected path /Users/riccardo/Library/CloudStorage/GoogleDrive-santini.ricc@gmail.com/Mon Drive/1_PROJECTS/Marché_Data/dbt_project.yml
  Verify that each entry within packages.yml (and their transitive dependencies) contains a file named dbt_project.yml
  
[0m17:47:41.865005 [debug] [MainThread]: Resource report: {"command_name": "show", "command_success": false, "command_wall_clock_time": 0.037170082, "process_in_blocks": "0", "process_kernel_time": 0.144719, "process_mem_max_rss": "112197632", "process_out_blocks": "0", "process_user_time": 0.670173}
[0m17:47:41.865255 [debug] [MainThread]: Command `dbt show` failed at 17:47:41.865210 after 0.04 seconds
[0m17:47:41.865417 [debug] [MainThread]: Sending event: {'category': 'dbt', 'action': 'invocation', 'label': 'end', 'context': [<snowplow_tracker.self_describing_json.SelfDescribingJson object at 0x109640640>, <snowplow_tracker.self_describing_json.SelfDescribingJson object at 0x1094c3410>, <snowplow_tracker.self_describing_json.SelfDescribingJson object at 0x10945e030>]}
[0m17:47:41.865566 [debug] [MainThread]: Flushing usage events
[0m17:47:42.222685 [debug] [MainThread]: An error was encountered while trying to flush usage events
[0m19:07:50.244250 [debug] [MainThread]: Sending event: {'category': 'dbt', 'action': 'invocation', 'label': 'start', 'context': [<snowplow_tracker.self_describing_json.SelfDescribingJson object at 0x108890590>, <snowplow_tracker.self_describing_json.SelfDescribingJson object at 0x10970bb10>, <snowplow_tracker.self_describing_json.SelfDescribingJson object at 0x10970bd90>]}


============================== 19:07:50.246773 | 9f606722-f1fa-43be-aeb0-a6f35de43618 ==============================
[0m19:07:50.246773 [info ] [MainThread]: Running with dbt=1.11.7
[0m19:07:50.247031 [debug] [MainThread]: running dbt with arguments {'log_path': 'logs', 'log_format': 'default', 'write_json': 'True', 'log_cache_events': 'False', 'version_check': 'True', 'introspect': 'True', 'fail_fast': 'False', 'printer_width': '80', 'indirect_selection': 'eager', 'debug': 'False', 'use_experimental_parser': 'False', 'quiet': 'False', 'no_print': 'None', 'warn_error_options': 'WarnErrorOptionsV2(error=[], warn=[], silence=[])', 'target_path': 'None', 'profiles_dir': '/Users/riccardo/.dbt', 'warn_error': 'None', 'cache_selected_only': 'False', 'invocation_command': 'dbt run --select stg_ft_offres', 'use_colors': 'True', 'empty': 'False', 'send_anonymous_usage_stats': 'True', 'partial_parse': 'True', 'static_parser': 'True'}
[0m19:07:50.247290 [error] [MainThread]: Encountered an error:
Runtime Error
  No dbt_project.yml found at expected path /Users/riccardo/Library/CloudStorage/GoogleDrive-santini.ricc@gmail.com/Mon Drive/1_PROJECTS/Marché_Data/dbt_project.yml
  Verify that each entry within packages.yml (and their transitive dependencies) contains a file named dbt_project.yml
  
[0m19:07:50.248948 [debug] [MainThread]: Resource report: {"command_name": "run", "command_success": false, "command_wall_clock_time": 0.0413635, "process_in_blocks": "0", "process_kernel_time": 0.140082, "process_mem_max_rss": "118292480", "process_out_blocks": "0", "process_user_time": 0.678911}
[0m19:07:50.249197 [debug] [MainThread]: Command `dbt run` failed at 19:07:50.249149 after 0.04 seconds
[0m19:07:50.249353 [debug] [MainThread]: Sending event: {'category': 'dbt', 'action': 'invocation', 'label': 'end', 'context': [<snowplow_tracker.self_describing_json.SelfDescribingJson object at 0x109798640>, <snowplow_tracker.self_describing_json.SelfDescribingJson object at 0x10961b410>, <snowplow_tracker.self_describing_json.SelfDescribingJson object at 0x1095b6030>]}
[0m19:07:50.249503 [debug] [MainThread]: Flushing usage events
[0m19:07:50.653561 [debug] [MainThread]: An error was encountered while trying to flush usage events
[0m19:07:51.519235 [debug] [MainThread]: Sending event: {'category': 'dbt', 'action': 'invocation', 'label': 'start', 'context': [<snowplow_tracker.self_describing_json.SelfDescribingJson object at 0x10cc04590>, <snowplow_tracker.self_describing_json.SelfDescribingJson object at 0x10da7bb10>, <snowplow_tracker.self_describing_json.SelfDescribingJson object at 0x10da7bd90>]}


============================== 19:07:51.520925 | 1494f1ba-c6d2-474f-b4b0-0a1276de6699 ==============================
[0m19:07:51.520925 [info ] [MainThread]: Running with dbt=1.11.7
[0m19:07:51.521195 [debug] [MainThread]: running dbt with arguments {'version_check': 'True', 'debug': 'False', 'warn_error_options': 'WarnErrorOptionsV2(error=[], warn=[], silence=[])', 'profiles_dir': '/Users/riccardo/.dbt', 'empty': 'None', 'static_parser': 'True', 'no_print': 'None', 'log_path': 'logs', 'partial_parse': 'True', 'use_colors': 'True', 'fail_fast': 'False', 'quiet': 'False', 'write_json': 'True', 'introspect': 'True', 'use_experimental_parser': 'False', 'log_format': 'default', 'cache_selected_only': 'False', 'invocation_command': 'dbt show --select stg_ft_offres --limit 5', 'printer_width': '80', 'indirect_selection': 'eager', 'send_anonymous_usage_stats': 'True', 'target_path': 'None', 'log_cache_events': 'False', 'warn_error': 'None'}
[0m19:07:51.521428 [error] [MainThread]: Encountered an error:
Runtime Error
  No dbt_project.yml found at expected path /Users/riccardo/Library/CloudStorage/GoogleDrive-santini.ricc@gmail.com/Mon Drive/1_PROJECTS/Marché_Data/dbt_project.yml
  Verify that each entry within packages.yml (and their transitive dependencies) contains a file named dbt_project.yml
  
[0m19:07:51.522742 [debug] [MainThread]: Resource report: {"command_name": "show", "command_success": false, "command_wall_clock_time": 0.03411475, "process_in_blocks": "0", "process_kernel_time": 0.085357, "process_mem_max_rss": "118358016", "process_out_blocks": "0", "process_user_time": 0.559823}
[0m19:07:51.522957 [debug] [MainThread]: Command `dbt show` failed at 19:07:51.522916 after 0.03 seconds
[0m19:07:51.523102 [debug] [MainThread]: Sending event: {'category': 'dbt', 'action': 'invocation', 'label': 'end', 'context': [<snowplow_tracker.self_describing_json.SelfDescribingJson object at 0x10db0c640>, <snowplow_tracker.self_describing_json.SelfDescribingJson object at 0x10d98f410>, <snowplow_tracker.self_describing_json.SelfDescribingJson object at 0x10d92a030>]}
[0m19:07:51.523236 [debug] [MainThread]: Flushing usage events
[0m19:07:51.892290 [debug] [MainThread]: An error was encountered while trying to flush usage events
